=== Zephyr Music Log ===
Started: 2026-06-21 10:50:24
Log file: C:\Users\Administrator\Desktop\Zephyr\log\260621105024.log

[10:50:24.704] [rodio] stopped
[10:50:24.741] [10:50:24.738] INFO [app] Zephyr Music started
[10:50:24.752] [10:50:24.750] INFO [app] window controls ready
[10:50:42.981] [10:50:42.913] INFO [audio] song changed {"url":"https://api.qijieya.cn/meting/?server=netease&type=url&id=30612793","name":"多远都要在一起"}
[10:50:42.985] [10:50:42.913] INFO [audio] using <audio> for online URL
[10:50:42.985] [rodio] stopped
[10:50:42.997] [10:50:42.988] ERROR [audio] audio play() failed {"error":"AbortError: The play() request was interrupted by a new load request."}
[10:50:43.011] [10:50:43.002] ERROR [audio] audio play() failed {"error":"AbortError: The play() request was interrupted by a call to pause()."}
[10:50:43.011] [10:50:43.002] ERROR [audio] audio play() failed {"error":"AbortError: The play() request was interrupted by a call to pause()."}
[10:50:43.029] [10:50:43.019] ERROR [audio] audio play() failed {"error":"AbortError: The play() request was interrupted by a call to pause()."}
[10:50:43.030] [10:50:43.019] ERROR [audio] audio play() failed {"error":"AbortError: The play() request was interrupted by a call to pause()."}
[10:50:43.049] [10:50:43.038] ERROR [audio] audio play() failed {"error":"AbortError: The play() request was interrupted by a call to pause()."}
[10:50:43.051] [10:50:43.038] ERROR [audio] audio play() failed {"error":"AbortError: The play() request was interrupted by a call to pause()."}
[10:50:43.072] [10:50:43.058] ERROR [audio] audio play() failed {"error":"AbortError: The play() request was interrupted by a call to pause()."}
[10:50:43.073] [10:50:43.058] ERROR [audio] audio play() failed {"error":"AbortError: The play() request was interrupted by a call to pause()."}
[10:50:43.087] [10:50:43.079] ERROR [audio] audio play() failed {"error":"AbortError: The play() request was interrupted by a call to pause()."}
[10:50:43.088] [10:50:43.079] ERROR [audio] audio play() failed {"error":"AbortError: The play() request was interrupted by a call to pause()."}
[10:50:43.097] [10:50:43.093] ERROR [audio] audio play() failed {"error":"AbortError: The play() request was interrupted by a call to pause()."}
[10:50:43.099] [10:50:43.093] ERROR [audio] audio play() failed {"error":"AbortError: The play() request was interrupted by a call to pause()."}
[10:50:43.110] [10:50:43.103] ERROR [audio] audio play() failed {"error":"AbortError: The play() request was interrupted by a call to pause()."}
[10:50:43.111] [10:50:43.103] ERROR [audio] audio play() failed {"error":"AbortError: The play() request was interrupted by a call to pause()."}
[10:50:43.122] [10:50:43.113] ERROR [audio] audio play() failed {"error":"AbortError: The play() request was interrupted by a call to pause()."}
[10:50:43.123] [10:50:43.113] ERROR [audio] audio play() failed {"error":"AbortError: The play() request was interrupted by a call to pause()."}
[10:50:43.133] [10:50:43.128] ERROR [audio] audio play() failed {"error":"AbortError: The play() request was interrupted by a call to pause()."}
[10:50:43.135] [10:50:43.128] ERROR [audio] audio play() failed {"error":"AbortError: The play() request was interrupted by a call to pause()."}
[10:50:43.144] [10:50:43.137] ERROR [audio] audio play() failed {"error":"AbortError: The play() request was interrupted by a call to pause()."}
[10:50:43.145] [10:50:43.137] ERROR [audio] audio play() failed {"error":"AbortError: The play() request was interrupted by a call to pause()."}
[10:50:43.159] [10:50:43.151] ERROR [audio] audio play() failed {"error":"AbortError: The play() request was interrupted by a call to pause()."}
[10:50:43.159] [10:50:43.152] ERROR [audio] audio play() failed {"error":"AbortError: The play() request was interrupted by a call to pause()."}
[10:50:43.170] [10:50:43.162] ERROR [audio] audio play() failed {"error":"AbortError: The play() request was interrupted by a call to pause()."}
[10:50:43.171] [10:50:43.162] ERROR [audio] audio play() failed {"error":"AbortError: The play() request was interrupted by a call to pause()."}
[10:50:43.179] [10:50:43.176] ERROR [audio] audio play() failed {"error":"AbortError: The play() request was interrupted by a call to pause()."}
[10:50:43.180] [10:50:43.176] ERROR [audio] audio play() failed {"error":"AbortError: The play() request was interrupted by a call to pause()."}
[10:50:43.193] [10:50:43.186] ERROR [audio] audio play() failed {"error":"AbortError: The play() request was interrupted by a call to pause()."}
[10:50:43.194] [10:50:43.186] ERROR [audio] audio play() failed {"error":"AbortError: The play() request was interrupted by a call to pause()."}
[10:50:43.204] [10:50:43.196] ERROR [audio] audio play() failed {"error":"AbortError: The play() request was interrupted by a call to pause()."}
[10:50:43.204] [10:50:43.196] ERROR [audio] audio play() failed {"error":"AbortError: The play() request was interrupted by a call to pause()."}
[10:50:43.219] [10:50:43.211] ERROR [audio] audio play() failed {"error":"AbortError: The play() request was interrupted by a call to pause()."}
[10:50:43.220] [10:50:43.212] ERROR [audio] audio play() failed {"error":"AbortError: The play() request was interrupted by a call to pause()."}
[10:50:43.233] [10:50:43.226] ERROR [audio] audio play() failed {"error":"AbortError: The play() request was interrupted by a call to pause()."}
[10:50:43.234] [10:50:43.226] ERROR [audio] audio play() failed {"error":"AbortError: The play() request was interrupted by a call to pause()."}
[10:50:43.245] [10:50:43.238] ERROR [audio] audio play() failed {"error":"AbortError: The play() request was interrupted by a call to pause()."}
[10:50:43.246] [10:50:43.238] ERROR [audio] audio play() failed {"error":"AbortError: The play() request was interrupted by a call to pause()."}
[10:50:43.257] [10:50:43.252] ERROR [audio] audio play() failed {"error":"AbortError: The play() request was interrupted by a call to pause()."}
[10:50:43.258] [10:50:43.252] ERROR [audio] audio play() failed {"error":"AbortError: The play() request was interrupted by a call to pause()."}
[10:50:43.269] [10:50:43.260] ERROR [audio] audio play() failed {"error":"AbortError: The play() request was interrupted by a call to pause()."}
[10:50:43.270] [10:50:43.260] ERROR [audio] audio play() failed {"error":"AbortError: The play() request was interrupted by a call to pause()."}
[10:50:43.278] [10:50:43.272] ERROR [audio] audio play() failed {"error":"AbortError: The play() request was interrupted by a call to pause()."}
[10:50:43.278] [10:50:43.272] ERROR [audio] audio play() failed {"error":"AbortError: The play() request was interrupted by a call to pause()."}
[10:50:43.288] [10:50:43.280] ERROR [audio] audio play() failed {"error":"AbortError: The play() request was interrupted by a call to pause()."}
[10:50:43.289] [10:50:43.280] ERROR [audio] audio play() failed {"error":"AbortError: The play() request was interrupted by a call to pause()."}
[10:50:43.299] [10:50:43.294] ERROR [audio] audio play() failed {"error":"AbortError: The play() request was interrupted by a call to pause()."}
[10:50:43.300] [10:50:43.294] ERROR [audio] audio play() failed {"error":"AbortError: The play() request was interrupted by a call to pause()."}
[10:50:43.311] [10:50:43.304] ERROR [audio] audio play() failed {"error":"AbortError: The play() request was interrupted by a call to pause()."}
[10:50:43.311] [10:50:43.304] ERROR [audio] audio play() failed {"error":"AbortError: The play() request was interrupted by a call to pause()."}
[10:50:43.320] [10:50:43.313] ERROR [audio] audio play() failed {"error":"AbortError: The play() request was interrupted by a call to pause()."}
[10:50:43.321] [10:50:43.313] ERROR [audio] audio play() failed {"error":"AbortError: The play() request was interrupted by a call to pause()."}
[10:50:43.329] [10:50:43.325] ERROR [audio] audio play() failed {"error":"AbortError: The play() request was interrupted by a call to pause()."}
[10:50:43.330] [10:50:43.326] ERROR [audio] audio play() failed {"error":"AbortError: The play() request was interrupted by a call to pause()."}
[10:50:43.344] [10:50:43.337] ERROR [audio] audio play() failed {"error":"AbortError: The play() request was interrupted by a call to pause()."}
[10:50:43.345] [10:50:43.337] ERROR [audio] audio play() failed {"error":"AbortError: The play() request was interrupted by a call to pause()."}
[10:50:43.360] [10:50:43.349] ERROR [audio] audio play() failed {"error":"AbortError: The play() request was interrupted by a call to pause()."}
[10:50:43.361] [10:50:43.352] ERROR [audio] audio play() failed {"error":"AbortError: The play() request was interrupted by a call to pause()."}
[10:50:43.373] [10:50:43.363] ERROR [audio] audio play() failed {"error":"AbortError: The play() request was interrupted by a call to pause()."}
[10:50:43.374] [10:50:43.367] ERROR [audio] audio play() failed {"error":"AbortError: The play() request was interrupted by a call to pause()."}
[10:50:43.379] [10:50:43.376] ERROR [audio] audio play() failed {"error":"AbortError: The play() request was interrupted by a call to pause()."}
[10:50:43.384] [10:50:43.376] ERROR [audio] audio play() failed {"error":"AbortError: The play() request was interrupted by a call to pause()."}
[10:50:43.394] [10:50:43.387] ERROR [audio] audio play() failed {"error":"AbortError: The play() request was interrupted by a call to pause()."}
[10:50:43.395] [10:50:43.387] ERROR [audio] audio play() failed {"error":"AbortError: The play() request was interrupted by a call to pause()."}
[10:50:43.410] [10:50:43.401] ERROR [audio] audio play() failed {"error":"AbortError: The play() request was interrupted by a call to pause()."}
[10:50:43.411] [10:50:43.401] ERROR [audio] audio play() failed {"error":"AbortError: The play() request was interrupted by a call to pause()."}
[10:50:43.427] [10:50:43.419] ERROR [audio] audio play() failed {"error":"AbortError: The play() request was interrupted by a call to pause()."}
[10:50:43.427] [10:50:43.420] ERROR [audio] audio play() failed {"error":"AbortError: The play() request was interrupted by a call to pause()."}
[10:50:43.437] [10:50:43.430] ERROR [audio] audio play() failed {"error":"AbortError: The play() request was interrupted by a call to pause()."}
[10:50:43.438] [10:50:43.430] ERROR [audio] audio play() failed {"error":"AbortError: The play() request was interrupted by a call to pause()."}
[10:50:43.451] [10:50:43.443] ERROR [audio] audio play() failed {"error":"AbortError: The play() request was interrupted by a call to pause()."}
[10:50:43.452] [10:50:43.443] ERROR [audio] audio play() failed {"error":"AbortError: The play() request was interrupted by a call to pause()."}
[10:50:43.466] [10:50:43.455] ERROR [audio] audio play() failed {"error":"AbortError: The play() request was interrupted by a call to pause()."}
[10:50:43.467] [10:50:43.455] ERROR [audio] audio play() failed {"error":"AbortError: The play() request was interrupted by a call to pause()."}
[10:50:43.477] [10:50:43.470] ERROR [audio] audio play() failed {"error":"AbortError: The play() request was interrupted by a call to pause()."}
[10:50:43.478] [10:50:43.471] ERROR [audio] audio play() failed {"error":"AbortError: The play() request was interrupted by a call to pause()."}
[10:50:43.484] [10:50:43.479] ERROR [audio] audio play() failed {"error":"AbortError: The play() request was interrupted by a call to pause()."}
[10:50:43.485] [10:50:43.479] ERROR [audio] audio play() failed {"error":"AbortError: The play() request was interrupted by a call to pause()."}
[10:50:43.495] [10:50:43.491] ERROR [audio] audio play() failed {"error":"AbortError: The play() request was interrupted by a call to pause()."}
[10:50:43.495] [10:50:43.492] ERROR [audio] audio play() failed {"error":"AbortError: The play() request was interrupted by a call to pause()."}
[10:50:43.512] [10:50:43.501] ERROR [audio] audio play() failed {"error":"AbortError: The play() request was interrupted by a call to pause()."}
[10:50:43.513] [10:50:43.501] ERROR [audio] audio play() failed {"error":"AbortError: The play() request was interrupted by a call to pause()."}
[10:50:43.527] [10:50:43.517] ERROR [audio] audio play() failed {"error":"AbortError: The play() request was interrupted by a call to pause()."}
[10:50:43.527] [10:50:43.518] ERROR [audio] audio play() failed {"error":"AbortError: The play() request was interrupted by a call to pause()."}
[10:50:43.542] [10:50:43.534] ERROR [audio] audio play() failed {"error":"AbortError: The play() request was interrupted by a call to pause()."}
[10:50:43.543] [10:50:43.534] ERROR [audio] audio play() failed {"error":"AbortError: The play() request was interrupted by a call to pause()."}
[10:50:43.554] [10:50:43.546] ERROR [audio] audio play() failed {"error":"AbortError: The play() request was interrupted by a call to pause()."}
[10:50:43.554] [10:50:43.547] ERROR [audio] audio play() failed {"error":"AbortError: The play() request was interrupted by a call to pause()."}
[10:50:43.559] [10:50:43.556] ERROR [audio] audio play() failed {"error":"AbortError: The play() request was interrupted by a call to pause()."}
[10:50:43.560] [10:50:43.556] ERROR [audio] audio play() failed {"error":"AbortError: The play() request was interrupted by a call to pause()."}
[10:50:43.569] [10:50:43.565] ERROR [audio] audio play() failed {"error":"AbortError: The play() request was interrupted by a call to pause()."}
[10:50:43.570] [10:50:43.566] ERROR [audio] audio play() failed {"error":"AbortError: The play() request was interrupted by a call to pause()."}
[10:50:43.577] [10:50:43.573] ERROR [audio] audio play() failed {"error":"AbortError: The play() request was interrupted by a call to pause()."}
[10:50:43.578] [10:50:43.573] ERROR [audio] audio play() failed {"error":"AbortError: The play() request was interrupted by a call to pause()."}
[10:50:43.587] [10:50:43.580] ERROR [audio] audio play() failed {"error":"AbortError: The play() request was interrupted by a call to pause()."}
[10:50:43.587] [10:50:43.581] ERROR [audio] audio play() failed {"error":"AbortError: The play() request was interrupted by a call to pause()."}
[10:50:43.593] [10:50:43.590] ERROR [audio] audio play() failed {"error":"AbortError: The play() request was interrupted by a call to pause()."}
[10:50:43.594] [10:50:43.590] ERROR [audio] audio play() failed {"error":"AbortError: The play() request was interrupted by a call to pause()."}
[10:50:43.604] [10:50:43.599] ERROR [audio] audio play() failed {"error":"AbortError: The play() request was interrupted by a call to pause()."}
[10:50:43.604] [10:50:43.600] ERROR [audio] audio play() failed {"error":"AbortError: The play() request was interrupted by a call to pause()."}
[10:50:43.609] [10:50:43.606] ERROR [audio] audio play() failed {"error":"AbortError: The play() request was interrupted by a call to pause()."}
[10:50:43.610] [10:50:43.606] ERROR [audio] audio play() failed {"error":"AbortError: The play() request was interrupted by a call to pause()."}
[10:50:43.620] [10:50:43.612] ERROR [audio] audio play() failed {"error":"AbortError: The play() request was interrupted by a call to pause()."}
[10:50:43.620] [10:50:43.613] ERROR [audio] audio play() failed {"error":"AbortError: The play() request was interrupted by a call to pause()."}
[10:50:43.625] [10:50:43.622] ERROR [audio] audio play() failed {"error":"AbortError: The play() request was interrupted by a call to pause()."}
[10:50:43.626] [10:50:43.622] ERROR [audio] audio play() failed {"error":"AbortError: The play() request was interrupted by a call to pause()."}
[10:50:43.635] [10:50:43.628] ERROR [audio] audio play() failed {"error":"AbortError: The play() request was interrupted by a call to pause()."}
[10:50:43.636] [10:50:43.628] ERROR [audio] audio play() failed {"error":"AbortError: The play() request was interrupted by a call to pause()."}
[10:50:43.643] [10:50:43.640] ERROR [audio] audio play() failed {"error":"AbortError: The play() request was interrupted by a call to pause()."}
[10:50:43.644] [10:50:43.640] ERROR [audio] audio play() failed {"error":"AbortError: The play() request was interrupted by a call to pause()."}
[10:50:43.653] [10:50:43.646] ERROR [audio] audio play() failed {"error":"AbortError: The play() request was interrupted by a call to pause()."}
[10:50:43.653] [10:50:43.646] ERROR [audio] audio play() failed {"error":"AbortError: The play() request was interrupted by a call to pause()."}
[10:50:43.660] [10:50:43.656] ERROR [audio] audio play() failed {"error":"AbortError: The play() request was interrupted by a call to pause()."}
[10:50:43.661] [10:50:43.656] ERROR [audio] audio play() failed {"error":"AbortError: The play() request was interrupted by a call to pause()."}
[10:50:43.670] [10:50:43.666] ERROR [audio] audio play() failed {"error":"AbortError: The play() request was interrupted by a call to pause()."}
[10:50:43.671] [10:50:43.666] ERROR [audio] audio play() failed {"error":"AbortError: The play() request was interrupted by a call to pause()."}
[10:50:43.692] [10:50:43.676] ERROR [audio] audio play() failed {"error":"AbortError: The play() request was interrupted by a call to pause()."}
[10:50:43.693] [10:50:43.678] ERROR [audio] audio play() failed {"error":"AbortError: The play() request was interrupted by a call to pause()."}
[10:50:43.707] [10:50:43.696] ERROR [audio] audio play() failed {"error":"AbortError: The play() request was interrupted by a call to pause()."}
[10:50:43.707] [10:50:43.696] ERROR [audio] audio play() failed {"error":"AbortError: The play() request was interrupted by a call to pause()."}
[10:50:43.726] [10:50:43.718] ERROR [audio] audio play() failed {"error":"AbortError: The play() request was interrupted by a call to pause()."}
[10:50:43.726] [10:50:43.719] ERROR [audio] audio play() failed {"error":"AbortError: The play() request was interrupted by a call to pause()."}
[10:50:43.734] [10:50:43.729] ERROR [audio] audio play() failed {"error":"AbortError: The play() request was interrupted by a call to pause()."}
[10:50:43.734] [10:50:43.729] ERROR [audio] audio play() failed {"error":"AbortError: The play() request was interrupted by a call to pause()."}
[10:50:43.750] [10:50:43.742] ERROR [audio] audio play() failed {"error":"AbortError: The play() request was interrupted by a call to pause()."}
[10:50:43.751] [10:50:43.742] ERROR [audio] audio play() failed {"error":"AbortError: The play() request was interrupted by a call to pause()."}
[10:50:43.768] [10:50:43.759] ERROR [audio] audio play() failed {"error":"AbortError: The play() request was interrupted by a call to pause()."}
[10:50:43.768] [10:50:43.759] ERROR [audio] audio play() failed {"error":"AbortError: The play() request was interrupted by a call to pause()."}
[10:50:43.781] [10:50:43.771] ERROR [audio] audio play() failed {"error":"AbortError: The play() request was interrupted by a call to pause()."}
[10:50:43.781] [10:50:43.771] ERROR [audio] audio play() failed {"error":"AbortError: The play() request was interrupted by a call to pause()."}
[10:50:43.795] [10:50:43.790] ERROR [audio] audio play() failed {"error":"AbortError: The play() request was interrupted by a call to pause()."}
[10:50:43.796] [10:50:43.790] ERROR [audio] audio play() failed {"error":"AbortError: The play() request was interrupted by a call to pause()."}
[10:50:43.809] [10:50:43.800] ERROR [audio] audio play() failed {"error":"AbortError: The play() request was interrupted by a call to pause()."}
[10:50:43.810] [10:50:43.800] ERROR [audio] audio play() failed {"error":"AbortError: The play() request was interrupted by a call to pause()."}
[10:50:43.827] [10:50:43.818] ERROR [audio] audio play() failed {"error":"AbortError: The play() request was interrupted by a call to pause()."}
[10:50:43.828] [10:50:43.818] ERROR [audio] audio play() failed {"error":"AbortError: The play() request was interrupted by a call to pause()."}
[10:50:43.851] [10:50:43.841] ERROR [audio] audio play() failed {"error":"AbortError: The play() request was interrupted by a call to pause()."}
[10:50:43.852] [10:50:43.841] ERROR [audio] audio play() failed {"error":"AbortError: The play() request was interrupted by a call to pause()."}
[10:50:43.864] [10:50:43.854] ERROR [audio] audio play() failed {"error":"AbortError: The play() request was interrupted by a call to pause()."}
[10:50:43.865] [10:50:43.854] ERROR [audio] audio play() failed {"error":"AbortError: The play() request was interrupted by a call to pause()."}
[10:50:43.884] [10:50:43.871] ERROR [audio] audio play() failed {"error":"AbortError: The play() request was interrupted by a call to pause()."}
[10:50:43.884] [10:50:43.871] ERROR [audio] audio play() failed {"error":"AbortError: The play() request was interrupted by a call to pause()."}
[10:50:43.908] [10:50:43.887] ERROR [audio] audio play() failed {"error":"AbortError: The play() request was interrupted by a call to pause()."}
[10:50:43.908] [10:50:43.887] ERROR [audio] audio play() failed {"error":"AbortError: The play() request was interrupted by a call to pause()."}
[10:50:43.924] [10:50:43.914] ERROR [audio] audio play() failed {"error":"AbortError: The play() request was interrupted by a call to pause()."}
[10:50:43.925] [10:50:43.914] ERROR [audio] audio play() failed {"error":"AbortError: The play() request was interrupted by a call to pause()."}
[10:50:43.970] [10:50:43.945] ERROR [audio] audio play() failed {"error":"AbortError: The play() request was interrupted by a call to pause()."}
[10:50:43.970] [10:50:43.945] ERROR [audio] audio play() failed {"error":"AbortError: The play() request was interrupted by a call to pause()."}
[10:50:43.986] [10:50:43.977] ERROR [audio] audio play() failed {"error":"AbortError: The play() request was interrupted by a call to pause()."}
[10:50:43.987] [10:50:43.977] ERROR [audio] audio play() failed {"error":"AbortError: The play() request was interrupted by a call to pause()."}
[10:50:44.007] [10:50:43.993] ERROR [audio] audio play() failed {"error":"AbortError: The play() request was interrupted by a call to pause()."}
[10:50:44.008] [10:50:43.993] ERROR [audio] audio play() failed {"error":"AbortError: The play() request was interrupted by a call to pause()."}
[10:50:44.020] [10:50:44.011] ERROR [audio] audio play() failed {"error":"AbortError: The play() request was interrupted by a call to pause()."}
[10:50:44.021] [10:50:44.011] ERROR [audio] audio play() failed {"error":"AbortError: The play() request was interrupted by a call to pause()."}
[10:50:44.030] [10:50:44.025] ERROR [audio] audio play() failed {"error":"AbortError: The play() request was interrupted by a call to pause()."}
[10:50:44.033] [10:50:44.025] ERROR [audio] audio play() failed {"error":"AbortError: The play() request was interrupted by a call to pause()."}
[10:50:44.046] [10:50:44.038] ERROR [audio] audio play() failed {"error":"AbortError: The play() request was interrupted by a call to pause()."}
[10:50:44.047] [10:50:44.038] ERROR [audio] audio play() failed {"error":"AbortError: The play() request was interrupted by a call to pause()."}
[10:50:44.073] [10:50:44.055] ERROR [audio] audio play() failed {"error":"AbortError: The play() request was interrupted by a call to pause()."}
[10:50:44.074] [10:50:44.055] ERROR [audio] audio play() failed {"error":"AbortError: The play() request was interrupted by a call to pause()."}
[10:50:44.091] [10:50:44.079] ERROR [audio] audio play() failed {"error":"AbortError: The play() request was interrupted by a call to pause()."}
[10:50:44.092] [10:50:44.079] ERROR [audio] audio play() failed {"error":"AbortError: The play() request was interrupted by a call to pause()."}
[10:50:44.110] [10:50:44.100] ERROR [audio] audio play() failed {"error":"AbortError: The play() request was interrupted by a call to pause()."}
[10:50:44.111] [10:50:44.100] ERROR [audio] audio play() failed {"error":"AbortError: The play() request was interrupted by a call to pause()."}
[10:50:44.122] [10:50:44.113] ERROR [audio] audio play() failed {"error":"AbortError: The play() request was interrupted by a call to pause()."}
[10:50:44.123] [10:50:44.113] ERROR [audio] audio play() failed {"error":"AbortError: The play() request was interrupted by a call to pause()."}
[10:50:44.133] [10:50:44.127] ERROR [audio] audio play() failed {"error":"AbortError: The play() request was interrupted by a call to pause()."}
[10:50:44.135] [10:50:44.127] ERROR [audio] audio play() failed {"error":"AbortError: The play() request was interrupted by a call to pause()."}
[10:50:44.147] [10:50:44.140] ERROR [audio] audio play() failed {"error":"AbortError: The play() request was interrupted by a call to pause()."}
[10:50:44.151] [10:50:44.140] ERROR [audio] audio play() failed {"error":"AbortError: The play() request was interrupted by a call to pause()."}
[10:50:44.169] [10:50:44.156] ERROR [audio] audio play() failed {"error":"AbortError: The play() request was interrupted by a call to pause()."}
[10:50:44.173] [10:50:44.156] ERROR [audio] audio play() failed {"error":"AbortError: The play() request was interrupted by a call to pause()."}
[10:50:44.179] [10:50:44.172] ERROR [audio] audio play() failed {"error":"AbortError: The play() request was interrupted by a call to pause()."}
[10:50:44.179] [10:50:44.173] ERROR [audio] audio play() failed {"error":"AbortError: The play() request was interrupted by a call to pause()."}
[10:50:44.193] [10:50:44.187] ERROR [audio] audio play() failed {"error":"AbortError: The play() request was interrupted by a call to pause()."}
[10:50:44.194] [10:50:44.187] ERROR [audio] audio play() failed {"error":"AbortError: The play() request was interrupted by a call to pause()."}
[10:50:44.205] [10:50:44.195] ERROR [audio] audio play() failed {"error":"AbortError: The play() request was interrupted by a call to pause()."}
[10:50:44.206] [10:50:44.195] ERROR [audio] audio play() failed {"error":"AbortError: The play() request was interrupted by a call to pause()."}
[10:50:44.222] [10:50:44.209] ERROR [audio] audio play() failed {"error":"AbortError: The play() request was interrupted by a call to pause()."}
[10:50:44.223] [10:50:44.209] ERROR [audio] audio play() failed {"error":"AbortError: The play() request was interrupted by a call to pause()."}
[10:50:44.237] [10:50:44.229] ERROR [audio] audio play() failed {"error":"AbortError: The play() request was interrupted by a call to pause()."}
[10:50:44.238] [10:50:44.229] ERROR [audio] audio play() failed {"error":"AbortError: The play() request was interrupted by a call to pause()."}
[10:50:44.250] [10:50:44.243] ERROR [audio] audio play() failed {"error":"AbortError: The play() request was interrupted by a call to pause()."}
[10:50:44.251] [10:50:44.243] ERROR [audio] audio play() failed {"error":"AbortError: The play() request was interrupted by a call to pause()."}
[10:50:44.262] [10:50:44.256] ERROR [audio] audio play() failed {"error":"AbortError: The play() request was interrupted by a call to pause()."}
[10:50:44.262] [10:50:44.256] ERROR [audio] audio play() failed {"error":"AbortError: The play() request was interrupted by a call to pause()."}
[10:50:44.275] [10:50:44.268] ERROR [audio] audio play() failed {"error":"AbortError: The play() request was interrupted by a call to pause()."}
[10:50:44.276] [10:50:44.269] ERROR [audio] audio play() failed {"error":"AbortError: The play() request was interrupted by a call to pause()."}
[10:50:44.288] [10:50:44.278] ERROR [audio] audio play() failed {"error":"AbortError: The play() request was interrupted by a call to pause()."}
[10:50:44.288] [10:50:44.278] ERROR [audio] audio play() failed {"error":"AbortError: The play() request was interrupted by a call to pause()."}
[10:50:44.296] [10:50:44.293] ERROR [audio] audio play() failed {"error":"AbortError: The play() request was interrupted by a call to pause()."}
[10:50:44.298] [10:50:44.293] ERROR [audio] audio play() failed {"error":"AbortError: The play() request was interrupted by a call to pause()."}
[10:50:44.312] [10:50:44.305] ERROR [audio] audio play() failed {"error":"AbortError: The play() request was interrupted by a call to pause()."}
[10:50:44.312] [10:50:44.305] ERROR [audio] audio play() failed {"error":"AbortError: The play() request was interrupted by a call to pause()."}
[10:50:44.326] [10:50:44.317] ERROR [audio] audio play() failed {"error":"AbortError: The play() request was interrupted by a call to pause()."}
[10:50:44.327] [10:50:44.318] ERROR [audio] audio play() failed {"error":"AbortError: The play() request was interrupted by a call to pause()."}
[10:50:44.339] [10:50:44.329] ERROR [audio] audio play() failed {"error":"AbortError: The play() request was interrupted by a call to pause()."}
[10:50:44.340] [10:50:44.329] ERROR [audio] audio play() failed {"error":"AbortError: The play() request was interrupted by a call to pause()."}
[10:50:44.362] [10:50:44.354] ERROR [audio] audio play() failed {"error":"AbortError: The play() request was interrupted by a call to pause()."}
[10:50:44.362] [10:50:44.354] ERROR [audio] audio play() failed {"error":"AbortError: The play() request was interrupted by a call to pause()."}
[10:50:44.379] [10:50:44.370] ERROR [audio] audio play() failed {"error":"AbortError: The play() request was interrupted by a call to pause()."}
[10:50:44.379] [10:50:44.370] ERROR [audio] audio play() failed {"error":"AbortError: The play() request was interrupted by a call to pause()."}
[10:50:44.395] [10:50:44.388] ERROR [audio] audio play() failed {"error":"AbortError: The play() request was interrupted by a call to pause()."}
[10:50:44.396] [10:50:44.388] ERROR [audio] audio play() failed {"error":"AbortError: The play() request was interrupted by a call to pause()."}
[10:50:44.412] [10:50:44.404] ERROR [audio] audio play() failed {"error":"AbortError: The play() request was interrupted by a call to pause()."}
[10:50:44.413] [10:50:44.404] ERROR [audio] audio play() failed {"error":"AbortError: The play() request was interrupted by a call to pause()."}
[10:50:44.427] [10:50:44.420] ERROR [audio] audio play() failed {"error":"AbortError: The play() request was interrupted by a call to pause()."}
[10:50:44.428] [10:50:44.420] ERROR [audio] audio play() failed {"error":"AbortError: The play() request was interrupted by a call to pause()."}
[10:50:44.436] [10:50:44.430] ERROR [audio] audio play() failed {"error":"AbortError: The play() request was interrupted by a call to pause()."}
[10:50:44.437] [10:50:44.430] ERROR [audio] audio play() failed {"error":"AbortError: The play() request was interrupted by a call to pause()."}
[10:50:44.445] [10:50:44.442] ERROR [audio] audio play() failed {"error":"AbortError: The play() request was interrupted by a call to pause()."}
[10:50:44.446] [10:50:44.442] ERROR [audio] audio play() failed {"error":"AbortError: The play() request was interrupted by a call to pause()."}
[10:50:44.458] [10:50:44.452] ERROR [audio] audio play() failed {"error":"AbortError: The play() request was interrupted by a call to pause()."}
[10:50:44.459] [10:50:44.452] ERROR [audio] audio play() failed {"error":"AbortError: The play() request was interrupted by a call to pause()."}
[10:50:44.469] [10:50:44.462] ERROR [audio] audio play() failed {"error":"AbortError: The play() request was interrupted by a call to pause()."}
[10:50:44.469] [10:50:44.462] ERROR [audio] audio play() failed {"error":"AbortError: The play() request was interrupted by a call to pause()."}
[10:50:44.477] [10:50:44.474] ERROR [audio] audio play() failed {"error":"AbortError: The play() request was interrupted by a call to pause()."}
[10:50:44.478] [10:50:44.474] ERROR [audio] audio play() failed {"error":"AbortError: The play() request was interrupted by a call to pause()."}
[10:50:44.492] [10:50:44.485] ERROR [audio] audio play() failed {"error":"AbortError: The play() request was interrupted by a call to pause()."}
[10:50:44.492] [10:50:44.485] ERROR [audio] audio play() failed {"error":"AbortError: The play() request was interrupted by a call to pause()."}
[10:50:44.505] [10:50:44.495] ERROR [audio] audio play() failed {"error":"AbortError: The play() request was interrupted by a call to pause()."}
[10:50:44.506] [10:50:44.496] ERROR [audio] audio play() failed {"error":"AbortError: The play() request was interrupted by a call to pause()."}
[10:50:44.517] [10:50:44.511] ERROR [audio] audio play() failed {"error":"AbortError: The play() request was interrupted by a call to pause()."}
[10:50:44.520] [10:50:44.511] ERROR [audio] audio play() failed {"error":"AbortError: The play() request was interrupted by a call to pause()."}
[10:50:44.533] [10:50:44.523] ERROR [audio] audio play() failed {"error":"AbortError: The play() request was interrupted by a call to pause()."}
[10:50:44.536] [10:50:44.523] ERROR [audio] audio play() failed {"error":"AbortError: The play() request was interrupted by a call to pause()."}
[10:50:44.543] [10:50:44.538] ERROR [audio] audio play() failed {"error":"AbortError: The play() request was interrupted by a call to pause()."}
[10:50:44.544] [10:50:44.538] ERROR [audio] audio play() failed {"error":"AbortError: The play() request was interrupted by a call to pause()."}
[10:50:44.552] [10:50:44.545] ERROR [audio] audio play() failed {"error":"AbortError: The play() request was interrupted by a call to pause()."}
[10:50:44.553] [10:50:44.545] ERROR [audio] audio play() failed {"error":"AbortError: The play() request was interrupted by a call to pause()."}
[10:50:44.562] [10:50:44.558] ERROR [audio] audio play() failed {"error":"AbortError: The play() request was interrupted by a call to pause()."}
[10:50:44.562] [10:50:44.559] ERROR [audio] audio play() failed {"error":"AbortError: The play() request was interrupted by a call to pause()."}
[10:50:44.576] [10:50:44.569] ERROR [audio] audio play() failed {"error":"AbortError: The play() request was interrupted by a call to pause()."}
[10:50:44.576] [10:50:44.569] ERROR [audio] audio play() failed {"error":"AbortError: The play() request was interrupted by a call to pause()."}
[10:50:44.585] [10:50:44.578] ERROR [audio] audio play() failed {"error":"AbortError: The play() request was interrupted by a call to pause()."}
[10:50:44.585] [10:50:44.578] ERROR [audio] audio play() failed {"error":"AbortError: The play() request was interrupted by a call to pause()."}
[10:50:44.593] [10:50:44.587] ERROR [audio] audio play() failed {"error":"AbortError: The play() request was interrupted by a call to pause()."}
[10:50:44.593] [10:50:44.587] ERROR [audio] audio play() failed {"error":"AbortError: The play() request was interrupted by a call to pause()."}
[10:50:44.602] [10:50:44.595] ERROR [audio] audio play() failed {"error":"AbortError: The play() request was interrupted by a call to pause()."}
[10:50:44.603] [10:50:44.595] ERROR [audio] audio play() failed {"error":"AbortError: The play() request was interrupted by a call to pause()."}
[10:50:44.613] [10:50:44.605] ERROR [audio] audio play() failed {"error":"AbortError: The play() request was interrupted by a call to pause()."}
[10:50:44.614] [10:50:44.605] ERROR [audio] audio play() failed {"error":"AbortError: The play() request was interrupted by a call to pause()."}
[10:50:44.633] [10:50:44.620] ERROR [audio] audio play() failed {"error":"AbortError: The play() request was interrupted by a call to pause()."}
[10:50:44.635] [10:50:44.621] ERROR [audio] audio play() failed {"error":"AbortError: The play() request was interrupted by a call to pause()."}
[10:50:44.653] [10:50:44.639] ERROR [audio] audio play() failed {"error":"AbortError: The play() request was interrupted by a call to pause()."}
[10:50:44.654] [10:50:44.640] ERROR [audio] audio play() failed {"error":"AbortError: The play() request was interrupted by a call to pause()."}
[10:50:44.655] [10:50:44.641] INFO [audio] loadedmetadata {"duration":216.88}
[10:50:44.672] [10:50:44.658] ERROR [audio] audio play() failed {"error":"AbortError: The play() request was interrupted by a call to pause()."}
[10:50:44.673] [10:50:44.659] ERROR [audio] audio play() failed {"error":"AbortError: The play() request was interrupted by a call to pause()."}
[10:50:44.687] [10:50:44.679] ERROR [audio] audio play() failed {"error":"AbortError: The play() request was interrupted by a call to pause()."}
[10:50:44.688] [10:50:44.679] ERROR [audio] audio play() failed {"error":"AbortError: The play() request was interrupted by a call to pause()."}
[10:50:44.703] [10:50:44.695] ERROR [audio] audio play() failed {"error":"AbortError: The play() request was interrupted by a call to pause()."}
[10:50:44.704] [10:50:44.695] ERROR [audio] audio play() failed {"error":"AbortError: The play() request was interrupted by a call to pause()."}
[10:50:44.720] [10:50:44.712] ERROR [audio] audio play() failed {"error":"AbortError: The play() request was interrupted by a call to pause()."}
[10:50:44.721] [10:50:44.712] ERROR [audio] audio play() failed {"error":"AbortError: The play() request was interrupted by a call to pause()."}
[10:50:44.737] [10:50:44.728] ERROR [audio] audio play() failed {"error":"AbortError: The play() request was interrupted by a call to pause()."}
[10:50:44.738] [10:50:44.728] ERROR [audio] audio play() failed {"error":"AbortError: The play() request was interrupted by a call to pause()."}
[10:50:44.753] [10:50:44.746] ERROR [audio] audio play() failed {"error":"AbortError: The play() request was interrupted by a call to pause()."}
[10:50:44.754] [10:50:44.746] ERROR [audio] audio play() failed {"error":"AbortError: The play() request was interrupted by a call to pause()."}
[10:50:44.769] [10:50:44.762] ERROR [audio] audio play() failed {"error":"AbortError: The play() request was interrupted by a call to pause()."}
[10:50:44.770] [10:50:44.762] ERROR [audio] audio play() failed {"error":"AbortError: The play() request was interrupted by a call to pause()."}
[10:50:44.784] [10:50:44.778] ERROR [audio] audio play() failed {"error":"AbortError: The play() request was interrupted by a call to pause()."}
[10:50:44.785] [10:50:44.778] ERROR [audio] audio play() failed {"error":"AbortError: The play() request was interrupted by a call to pause()."}
[10:50:44.796] [10:50:44.789] ERROR [audio] audio play() failed {"error":"AbortError: The play() request was interrupted by a call to pause()."}
[10:50:44.797] [10:50:44.789] ERROR [audio] audio play() failed {"error":"AbortError: The play() request was interrupted by a call to pause()."}
[10:50:44.811] [10:50:44.803] ERROR [audio] audio play() failed {"error":"AbortError: The play() request was interrupted by a call to pause()."}
[10:50:44.811] [10:50:44.803] ERROR [audio] audio play() failed {"error":"AbortError: The play() request was interrupted by a call to pause()."}
[10:50:44.822] [10:50:44.814] ERROR [audio] audio play() failed {"error":"AbortError: The play() request was interrupted by a call to pause()."}
[10:50:44.823] [10:50:44.817] ERROR [audio] audio play() failed {"error":"AbortError: The play() request was interrupted by a call to pause()."}
[10:50:44.843] [10:50:44.833] ERROR [audio] audio play() failed {"error":"AbortError: The play() request was interrupted by a call to pause()."}
[10:50:44.843] [10:50:44.834] ERROR [audio] audio play() failed {"error":"AbortError: The play() request was interrupted by a call to pause()."}
[10:50:44.868] [10:50:44.857] ERROR [audio] audio play() failed {"error":"AbortError: The play() request was interrupted by a call to pause()."}
[10:50:44.869] [10:50:44.857] ERROR [audio] audio play() failed {"error":"AbortError: The play() request was interrupted by a call to pause()."}
[10:50:44.884] [10:50:44.877] ERROR [audio] audio play() failed {"error":"AbortError: The play() request was interrupted by a call to pause()."}
[10:50:44.885] [10:50:44.877] ERROR [audio] audio play() failed {"error":"AbortError: The play() request was interrupted by a call to pause()."}
[10:50:44.896] [10:50:44.887] ERROR [audio] audio play() failed {"error":"AbortError: The play() request was interrupted by a call to pause()."}
[10:50:44.897] [10:50:44.887] ERROR [audio] audio play() failed {"error":"AbortError: The play() request was interrupted by a call to pause()."}
[10:50:44.911] [10:50:44.901] ERROR [audio] audio play() failed {"error":"AbortError: The play() request was interrupted by a call to pause()."}
[10:50:44.912] [10:50:44.901] ERROR [audio] audio play() failed {"error":"AbortError: The play() request was interrupted by a call to pause()."}
[10:50:44.926] [10:50:44.917] ERROR [audio] audio play() failed {"error":"AbortError: The play() request was interrupted by a call to pause()."}
[10:50:44.926] [10:50:44.917] ERROR [audio] audio play() failed {"error":"AbortError: The play() request was interrupted by a call to pause()."}
[10:50:44.939] [10:50:44.929] ERROR [audio] audio play() failed {"error":"AbortError: The play() request was interrupted by a call to pause()."}
[10:50:44.940] [10:50:44.929] ERROR [audio] audio play() failed {"error":"AbortError: The play() request was interrupted by a call to pause()."}
[10:51:11.127] [10:51:11.108] ERROR [audio] audio play() failed {"error":"AbortError: The play() request was interrupted by a call to pause()."}
[10:51:11.128] [10:51:11.108] ERROR [audio] audio play() failed {"error":"AbortError: The play() request was interrupted by a call to pause()."}
[10:51:17.326] [10:51:17.309] INFO [addLocal] start
[10:51:17.327] [10:51:17.310] INFO [localMusic] opening file dialog...
[10:51:21.553] [10:51:21.533] INFO [localMusic] file selected {"path":"E:\\Music\\Music\\XXXTentacion\\xxxtentacion-SAD.mp3"}
[10:51:21.554] [10:51:21.533] INFO [localMusic] created local song {"id":"local-1782010281533-tpy7ro","name":"xxxtentacion-SAD","url":"E:\\Music\\Music\\XXXTentacion\\xxxtentacion-SAD.mp3"}
[10:51:21.555] [10:51:21.535] INFO [addLocal] picked {"name":"xxxtentacion-SAD","url":"E:\\Music\\Music\\XXXTentacion\\xxxtentacion-SAD.mp3"}
[10:51:21.555] [10:51:21.535] INFO [localMusic] localFileUrl {"path":"E:\\Music\\Music\\XXXTentacion\\xxxtentacion-SAD.mp3","url":"localaudio:///E%3A%5CMusic%5CMusic%5CXXXTentacion%5Cxxxtentacion-SAD.mp3"}
[10:51:21.556] [10:51:21.535] INFO [addLocal] convertFileSrc result {"url":"localaudio:///E%3A%5CMusic%5CMusic%5CXXXTentacion%5Cxxxtentacion-SAD.mp3"}
[10:51:21.557] [10:51:21.537] INFO [addLocal] playNow called {"isPlaying":true,"currentSongUrl":"localaudio:///E%3A%5CMusic%5CMusic%5CXXXTentacion%5Cxxxtentacion-SAD.mp3"}
[10:51:21.557] [10:51:21.537] INFO [audio] song changed {"url":"localaudio:///E%3A%5CMusic%5CMusic%5CXXXTentacion%5Cxxxtentacion-SAD.mp3","name":"xxxtentacion-SAD"}
[10:51:21.558] [10:51:21.537] INFO [audio] using Rodio for local file
[10:51:21.558] [10:51:21.537] INFO [rodio] rodioPlay {"path":"localaudio:///E%3A%5CMusic%5CMusic%5CXXXTentacion%5Cxxxtentacion-SAD.mp3"}
[10:51:21.559] [rodio] opening: E:\Music\Music\XXXTentacion\xxxtentacion-SAD.mp3
[10:51:21.588] [rodio] decoded ok
[10:51:21.719] [rodio] duration: 166.609s
[10:51:21.719] [rodio] playing, duration=166.609
[10:51:21.721] [10:51:21.720] INFO [audio] rodio play started {"duration":166.609}
[10:51:22.224] [10:51:22.221] INFO [localMusic] API matched {"pic":true,"lrc":true,"name":"SAD!"}
